Enter password: **********
Welcome to the MySQL monitor.  Commands end with ; or \g.
Your MySQL connection id is 9
Server version: 8.0.39 MySQL Community Server - GPL

Copyright (c) 2000, 2024, Oracle and/or its affiliates.

Oracle is a registered trademark of Oracle Corporation and/or its
affiliates. Other names may be trademarks of their respective
owners.

Type 'help;' or '\h' for help. Type '\c' to clear the current input statement.

mysql> CREATE DATABASE gestion_biomedica;
Query OK, 1 row affected (0.04 sec)

mysql> CREATE USER 'biomedico_user'@'localhost' IDENTIFIED BY 'CACC041014MBCSSLA3!';
Query OK, 0 rows affected (0.03 sec)

mysql> GRANT ALL PRIVILEGES ON gestion_biomedica.* TO 'biomedico_user'@'localhost';
Query OK, 0 rows affected (0.01 sec)

mysql> FLUSH PRIVILEGES;
Query OK, 0 rows affected (0.02 sec)

mysql> CREATE DATABASE gestion_biomedica;
ERROR 1007 (HY000): Can't create database 'gestion_biomedica'; database exists
mysql> DROP gestion_biomedica;
ERROR 1064 (42000): You have an error in your SQL syntax; check the manual that corresponds to your MySQL server version for the right syntax to use near 'gestion_biomedica' at line 1
mysql> DROP DATABASE gestion_biomedica;
Query OK, 0 rows affected (0.04 sec)

mysql> CREATE DATABASE gestion_biomedica;
Query OK, 1 row affected (0.01 sec)

mysql> CREATE TABLE departamentos (
    -> id INT AUTO_INCREMENT PRIMARY KEY,
    -> nombre VARCHAR(50) NOT NULL,
    -> num_medicos INT(100),
    -> ubicacion VARCHAR(50)
    -> );
ERROR 1046 (3D000): No database selected
mysql> USE gestion_biomedica;
Database changed
mysql> CREATE TABLE departamentos (
    -> id INT AUTO_INCREMENT PRIMARY KEY,
    -> nombre VARCHAR(50) NOT NULL,
    -> num_medicos INT(100),
    -> ubicacion VARCHAR(50)
    -> );
Query OK, 0 rows affected, 1 warning (0.12 sec)

mysql> CREATE TABLE medicos (
    -> id INT AUTO_INCREMENT PRIMARY KEY,
    -> nombre VARCHAR(50) NOT NULL,
    -> especialidad VARCHAR(50) NOT NULL,
    -> departamento_id INT,
    -> FOREIGN KEY (departamento_id) REFERENCES departamentos(id)
    -> );
Query OK, 0 rows affected (0.06 sec)

mysql> INSERT INTO departamentos (nombre, num_medicos, ubicacion) VALUES ('Dr. Carlos Vera');
ERROR 1136 (21S01): Column count doesn't match value count at row 1
mysql> INSERT INTO departamentos (nombre, num_medicos, ubicacion) VALUES ('Cardiología', 3, 'Tercer piso - Seccion Azul');
Query OK, 1 row affected (0.03 sec)

mysql> INSERT INTO departamentos (nombre, num_medicos, ubicacion) VALUES ('Medicina General', 8, 'Primer piso');
Query OK, 1 row affected (0.01 sec)

mysql> INSERT INTO departamentos (nombre, num_medicos, ubicacion) VALUES ('Odontología', 4, 'Segundo piso - Seccion verde menta');
Query OK, 1 row affected (0.01 sec)

mysql> INSERT INTO departamentos (nombre, num_medicos, ubicacion) VALUES ('Ginecología', 2, 'Segundo piso - Seccion rosa');
Query OK, 1 row affected (0.01 sec)

mysql> INSERT INTO departamentos (nombre, num_medicos, ubicacion) VALUES ('Neumología', 1, 'Tercer piso - Seccion morado');
Query OK, 1 row affected (0.01 sec)

mysql> SELECT * FROM departamentos;
+----+------------------+-------------+------------------------------------+
| id | nombre           | num_medicos | ubicacion                          |
+----+------------------+-------------+------------------------------------+
|  1 | Cardiología      |           3 | Tercer piso - Seccion Azul         |
|  2 | Medicina General |           8 | Primer piso                        |
|  3 | Odontología      |           4 | Segundo piso - Seccion verde menta |
|  4 | Ginecología      |           2 | Segundo piso - Seccion rosa        |
|  5 | Neumología       |           1 | Tercer piso - Seccion morado       |
+----+------------------+-------------+------------------------------------+
5 rows in set (0.02 sec)

mysql> INSERT INTO medicos (nombre, especialidad, departamento_id) VALUES ('Dr. Carlos Vera', 'Medicina General', 2);
Query OK, 1 row affected (0.02 sec)

mysql> INSERT INTO medicos (nombre, especialidad, departamento_id) VALUES ('Dr. Julio Ceasar', 'Medicina General', 2);
Query OK, 1 row affected (0.01 sec)

mysql> INSERT INTO medicos (nombre, especialidad, departamento_id) VALUES ('Dr. Berta Ramírez', 'Cardiología', 1);
Query OK, 1 row affected (0.01 sec)

mysql> INSERT INTO medicos (nombre, especialidad, departamento_id) VALUES ('Dr. Lupita Villa', 'Cardiología', 1);
Query OK, 1 row affected (0.01 sec)

mysql> INSERT INTO medicos (nombre, especialidad, departamento_id) VALUES ('Dr. Luna Perez', 'Medicina General', 2);
Query OK, 1 row affected (0.01 sec)

mysql> INSERT INTO medicos (nombre, especialidad, departamento_id) VALUES ('Dr. Lucia Castro', 'Medicina General', 2);
Query OK, 1 row affected (0.01 sec)

mysql> INSERT INTO medicos (nombre, especialidad, departamento_id) VALUES ('Dr. Gabriela Sanz', 'Odontología', 3);
Query OK, 1 row affected (0.01 sec)

mysql> INSERT INTO medicos (nombre, especialidad, departamento_id) VALUES ('Dr. Kassandra Quezada', 'Odontología', 3);
Query OK, 1 row affected (0.01 sec)

mysql> INSERT INTO medicos (nombre, especialidad, departamento_id) VALUES ('Dr. Sonia Peréz', 'Ginecología', 4);
Query OK, 1 row affected (0.01 sec)

mysql> INSERT INTO medicos (nombre, especialidad, departamento_id) VALUES ('Dr. Linda Pinal', 'Ginecología', 4);
Query OK, 1 row affected (0.01 sec)

mysql> INSERT INTO medicos (nombre, especialidad, departamento_id) VALUES ('Dr. Silvia López', 'Neumología', 5);
Query OK, 1 row affected (0.01 sec)

mysql> INSERT INTO medicos (nombre, especialidad, departamento_id) VALUES ('Dr. Juan Martínez', 'Neumología', 5);
Query OK, 1 row affected (0.01 sec)

mysql> SELECT medicos.nombre, medicos.especialidad, departamentos.nombre AS departamento
    -> FROM medicos
    -> JOIN departamentos ON medicos.departamento_id = departamentos.id;
+-----------------------+------------------+------------------+
| nombre                | especialidad     | departamento     |
+-----------------------+------------------+------------------+
| Dr. Berta Ramírez     | Cardiología      | Cardiología      |
| Dr. Lupita Villa      | Cardiología      | Cardiología      |
| Dr. Carlos Vera       | Medicina General | Medicina General |
| Dr. Julio Ceasar      | Medicina General | Medicina General |
| Dr. Luna Perez        | Medicina General | Medicina General |
| Dr. Lucia Castro      | Medicina General | Medicina General |
| Dr. Gabriela Sanz     | Odontología      | Odontología      |
| Dr. Kassandra Quezada | Odontología      | Odontología      |
| Dr. Sonia Peréz       | Ginecología      | Ginecología      |
| Dr. Linda Pinal       | Ginecología      | Ginecología      |
| Dr. Silvia López      | Neumología       | Neumología       |
| Dr. Juan Martínez     | Neumología       | Neumología       |
+-----------------------+------------------+------------------+
12 rows in set (0.02 sec)

mysql> SELECT medicos.nombre, medicos.especialidad, departamentos.ubicacion AS departamento
    -> FROM medicos
    -> JOIN departamentos ON medicos.departamento_id = departamentos.id;
+-----------------------+------------------+------------------------------------+
| nombre                | especialidad     | departamento                       |
+-----------------------+------------------+------------------------------------+
| Dr. Berta Ramírez     | Cardiología      | Tercer piso - Seccion Azul         |
| Dr. Lupita Villa      | Cardiología      | Tercer piso - Seccion Azul         |
| Dr. Carlos Vera       | Medicina General | Primer piso                        |
| Dr. Julio Ceasar      | Medicina General | Primer piso                        |
| Dr. Luna Perez        | Medicina General | Primer piso                        |
| Dr. Lucia Castro      | Medicina General | Primer piso                        |
| Dr. Gabriela Sanz     | Odontología      | Segundo piso - Seccion verde menta |
| Dr. Kassandra Quezada | Odontología      | Segundo piso - Seccion verde menta |
| Dr. Sonia Peréz       | Ginecología      | Segundo piso - Seccion rosa        |
| Dr. Linda Pinal       | Ginecología      | Segundo piso - Seccion rosa        |
| Dr. Silvia López      | Neumología       | Tercer piso - Seccion morado       |
| Dr. Juan Martínez     | Neumología       | Tercer piso - Seccion morado       |
+-----------------------+------------------+------------------------------------+
12 rows in set (0.00 sec)

mysql> CREATE VIEW vista_medicos_departamentos AS
    -> SELECT medicos.nombre, medicos.especialidad, departamentos.ubicacion AS departamento
    -> FROM medicos
    -> JOIN departamentos ON medicos.departamento_id = departamentos.id;
Query OK, 0 rows affected (0.05 sec)

mysql> SELECT * FROM vista_medicos_departamentos;
+-----------------------+------------------+------------------------------------+
| nombre                | especialidad     | departamento                       |
+-----------------------+------------------+------------------------------------+
| Dr. Berta Ramírez     | Cardiología      | Tercer piso - Seccion Azul         |
| Dr. Lupita Villa      | Cardiología      | Tercer piso - Seccion Azul         |
| Dr. Carlos Vera       | Medicina General | Primer piso                        |
| Dr. Julio Ceasar      | Medicina General | Primer piso                        |
| Dr. Luna Perez        | Medicina General | Primer piso                        |
| Dr. Lucia Castro      | Medicina General | Primer piso                        |
| Dr. Gabriela Sanz     | Odontología      | Segundo piso - Seccion verde menta |
| Dr. Kassandra Quezada | Odontología      | Segundo piso - Seccion verde menta |
| Dr. Sonia Peréz       | Ginecología      | Segundo piso - Seccion rosa        |
| Dr. Linda Pinal       | Ginecología      | Segundo piso - Seccion rosa        |
| Dr. Silvia López      | Neumología       | Tercer piso - Seccion morado       |
| Dr. Juan Martínez     | Neumología       | Tercer piso - Seccion morado       |
+-----------------------+------------------+------------------------------------+
12 rows in set (0.01 sec)

mysql> CREATE TABLE role (
    -> nombre VARCHAR(50),
    -> tipo_role VARCHAR(50)
    -> );
Query OK, 0 rows affected (0.11 sec)

mysql> INSERT INTO role (nombre, tipo_role) VALUES ('admin', 'admin');
Query OK, 1 row affected (0.01 sec)

mysql> INSERT INTO role (nombre, tipo_role) VALUES ('medico', 'medico');
Query OK, 1 row affected (0.01 sec)

mysql> INSERT INTO role (nombre, tipo_role) VALUES ('enfermero', 'enfermero');
Query OK, 1 row affected (0.01 sec)

mysql> SELECT * FROM role;
+-----------+-----------+
| nombre    | tipo_role |
+-----------+-----------+
| admin     | admin     |
| medico    | medico    |
| enfermero | enfermero |
+-----------+-----------+
3 rows in set (0.00 sec)

mysql> CREATE TABLE usuarios (
    -> id INT AUTO_INCREMENT PRIMARY KEY,
    -> nombre VARCHAR (50),
    -> correo VARCHAR (100),
    -> contraseña VARCHAR (50),
    -> );
ERROR 1064 (42000): You have an error in your SQL syntax; check the manual that corresponds to your MySQL server version for the right syntax to use near ')' at line 6
mysql> CREATE TABLE usuarios (
    -> id INT AUTO_INCREMENT PRIMARY KEY,
    -> nombre VARCHAR (50) UNIQUE,
    -> correo VARCHAR (100),
    -> contraseña_hash VARCHAR (50)
    -> tipo_role VARCHAR(50)
    -> );
ERROR 1064 (42000): You have an error in your SQL syntax; check the manual that corresponds to your MySQL server version for the right syntax to use near 'tipo_role VARCHAR(50)
)' at line 6
mysql> CREATE TABLE usuarios (
    -> id INT AUTO_INCREMENT PRIMARY KEY,
    -> nombre VARCHAR (50) UNIQUE,
    -> correo VARCHAR (100),
    -> contraseña_hash VARCHAR (50)
    -> tipo_usuario VARCHAR(50)
    -> );
ERROR 1064 (42000): You have an error in your SQL syntax; check the manual that corresponds to your MySQL server version for the right syntax to use near 'tipo_usuario VARCHAR(50)
)' at line 6
mysql> CREATE TABLE usuarios (
    -> id INT AUTO_INCREMENT PRIMARY KEY,
    -> nombre VARCHAR (50) UNIQUE,
    -> correo VARCHAR (100),
    -> contraseña_hash VARCHAR (50)
    -> tipo_role VARCHAR (50)
    -> );
ERROR 1064 (42000): You have an error in your SQL syntax; check the manual that corresponds to your MySQL server version for the right syntax to use near 'tipo_role VARCHAR (50)
)' at line 6
mysql> CREATE TABLE usuarios (
    -> id INT AUTO_INCREMENT PRIMARY KEY,
    -> nombre VARCHAR (50) UNIQUE,
    -> correo VARCHAR (100),
    -> contraseña_hash VARCHAR (50),
    -> tipo_role VARCHAR (50)
    -> );
Query OK, 0 rows affected (0.19 sec)

mysql> DROP TABLE usuarios;
Query OK, 0 rows affected (0.06 sec)

mysql> DROP TABLE role;
Query OK, 0 rows affected (0.04 sec)

mysql> SHOW TABLES;
+-----------------------------+
| Tables_in_gestion_biomedica |
+-----------------------------+
| departamentos               |
| medicos                     |
| vista_medicos_departamentos |
+-----------------------------+
3 rows in set (0.05 sec)

mysql> CREATE TABLE codigos_acceso (
    -> codigo VARCHAR (50),
    -> tipo_usuario VARCHAR (50)
    -> );
Query OK, 0 rows affected (0.06 sec)

mysql> INSERT INTO codigos_acceso (codigo, tipo_usuario) VALUES ('admin', 'admin');
Query OK, 1 row affected (0.01 sec)

mysql> INSERT INTO codigos_acceso (codigo, tipo_usuario) VALUES ('medico', 'medico');
Query OK, 1 row affected (0.01 sec)

mysql> INSERT INTO codigos_acceso (codigo, tipo_usuario) VALUES ('enfermero', 'enfermero');
Query OK, 1 row affected (0.00 sec)

mysql> SELECT * FROM codigos_acceso;
+-----------+--------------+
| codigo    | tipo_usuario |
+-----------+--------------+
| admin     | admin        |
| medico    | medico       |
| enfermero | enfermero    |
+-----------+--------------+
3 rows in set (0.01 sec)

mysql> CREATE TABLE usuarios (
    -> id INT AUTO_INCREMENT PRIMARY KEY,
    -> nombre_usuario VARCHAR (50),
    -> password_hash VARCHAR (100),
    -> tipo_usuarios VARCHAR (50),
    -> correo VARCHAR (100)
    -> );
Query OK, 0 rows affected (0.03 sec)

mysql> SELECT * FROM codigos_acceso WHERE codigo = 'admin';
+--------+--------------+
| codigo | tipo_usuario |
+--------+--------------+
| admin  | admin        |
+--------+--------------+
1 row in set (0.00 sec)

mysql> CREATE TABLE equipos (
    -> nombre VARCHAR (50),
    -> descripcion VARCHAR (100),
    -> departamento VARCHAR (50),
    -> estado VARCHAR (50)
    -> );
Query OK, 0 rows affected (0.06 sec)

mysql>
mysql> SELECT * FROM departamentos;
+----+------------------+-------------+------------------------------------+
| id | nombre           | num_medicos | ubicacion                          |
+----+------------------+-------------+------------------------------------+
|  1 | Cardiología      |           3 | Tercer piso - Seccion Azul         |
|  2 | Medicina General |           8 | Primer piso                        |
|  3 | Odontología      |           4 | Segundo piso - Seccion verde menta |
|  4 | Ginecología      |           2 | Segundo piso - Seccion rosa        |
|  5 | Neumología       |           1 | Tercer piso - Seccion morado       |
+----+------------------+-------------+------------------------------------+
5 rows in set (0.00 sec)

mysql> SELECT * FROM medicos;
+----+-----------------------+------------------+-----------------+
| id | nombre                | especialidad     | departamento_id |
+----+-----------------------+------------------+-----------------+
|  1 | Dr. Carlos Vera       | Medicina General |               2 |
|  2 | Dr. Julio Ceasar      | Medicina General |               2 |
|  3 | Dr. Berta Ramírez     | Cardiología      |               1 |
|  4 | Dr. Lupita Villa      | Cardiología      |               1 |
|  5 | Dr. Luna Perez        | Medicina General |               2 |
|  6 | Dr. Lucia Castro      | Medicina General |               2 |
|  7 | Dr. Gabriela Sanz     | Odontología      |               3 |
|  8 | Dr. Kassandra Quezada | Odontología      |               3 |
|  9 | Dr. Sonia Peréz       | Ginecología      |               4 |
| 10 | Dr. Linda Pinal       | Ginecología      |               4 |
| 11 | Dr. Silvia López      | Neumología       |               5 |
| 12 | Dr. Juan Martínez     | Neumología       |               5 |
+----+-----------------------+------------------+-----------------+
12 rows in set (0.00 sec)

mysql> SELECT departamentos.nombre, COUNT(medicos.id) AS num_empleados
    -> FROM medicos
    -> JOIN departamentos ON medicos.departamento_id = departamentos.id
    -> GROUP BY departamentos.nombre;
+------------------+---------------+
| nombre           | num_empleados |
+------------------+---------------+
| Cardiología      |             2 |
| Medicina General |             4 |
| Odontología      |             2 |
| Ginecología      |             2 |
| Neumología       |             2 |
+------------------+---------------+
5 rows in set (0.01 sec)

mysql> DESCRIBE equipos;
+--------------+--------------+------+-----+---------+-------+
| Field        | Type         | Null | Key | Default | Extra |
+--------------+--------------+------+-----+---------+-------+
| nombre       | varchar(50)  | YES  |     | NULL    |       |
| descripcion  | varchar(100) | YES  |     | NULL    |       |
| departamento | varchar(50)  | YES  |     | NULL    |       |
| estado       | varchar(50)  | YES  |     | NULL    |       |
+--------------+--------------+------+-----+---------+-------+
4 rows in set (0.08 sec)

mysql> SELECT * FROM medicos;
+----+-----------------------+------------------+-----------------+
| id | nombre                | especialidad     | departamento_id |
+----+-----------------------+------------------+-----------------+
|  1 | Dr. Carlos Vera       | Medicina General |               2 |
|  2 | Dr. Julio Ceasar      | Medicina General |               2 |
|  3 | Dr. Berta Ramírez     | Cardiología      |               1 |
|  4 | Dr. Lupita Villa      | Cardiología      |               1 |
|  5 | Dr. Luna Perez        | Medicina General |               2 |
|  6 | Dr. Lucia Castro      | Medicina General |               2 |
|  7 | Dr. Gabriela Sanz     | Odontología      |               3 |
|  8 | Dr. Kassandra Quezada | Odontología      |               3 |
|  9 | Dr. Sonia Peréz       | Ginecología      |               4 |
| 10 | Dr. Linda Pinal       | Ginecología      |               4 |
| 11 | Dr. Silvia López      | Neumología       |               5 |
| 12 | Dr. Juan Martínez     | Neumología       |               5 |
| 13 | Dr. Gustavo Guzman    | Ginecólogo       |            NULL |
| 14 | Dr. Gustavo Guzman    | Ginecólogo       |            NULL |
+----+-----------------------+------------------+-----------------+
14 rows in set (0.00 sec)

mysql> SELECT nombre, especialidad
    -> FROM medicos
    -> WHERE departamento_id IN (SELECT id FROM departamentos WHERE ubicacion = 'Segundo piso - Seccion verde menta');
+-----------------------+--------------+
| nombre                | especialidad |
+-----------------------+--------------+
| Dr. Gabriela Sanz     | Odontología  |
| Dr. Kassandra Quezada | Odontología  |
+-----------------------+--------------+
2 rows in set (0.00 sec)

mysql> SELECT medicos.nombre, departamentos.ubicacion AS ubicacion
    -> FROM medicos
    -> JOIN departamentos ON medicos.departamento_id = departamentos.id
    -> WHERE departamento_id IN (SELECT especialidad FROM medicos WHERE especialidad = 'Medicina General');
Empty set (0.00 sec)

mysql> SELECT medicos.nombre, departamentos.ubicacion AS ubicacion
    -> FROM medicos
    -> JOIN departamentos ON medicos.departamento_id = departamentos.id
    -> WHERE departamento_id IN (SELECT id FROM medicos WHERE especialidad = 'Medicina General');
+-------------------+------------------------------+
| nombre            | ubicacion                    |
+-------------------+------------------------------+
| Dr. Berta Ramírez | Tercer piso - Seccion Azul   |
| Dr. Lupita Villa  | Tercer piso - Seccion Azul   |
| Dr. Carlos Vera   | Primer piso                  |
| Dr. Julio Ceasar  | Primer piso                  |
| Dr. Luna Perez    | Primer piso                  |
| Dr. Lucia Castro  | Primer piso                  |
| Dr. Silvia López  | Tercer piso - Seccion morado |
| Dr. Juan Martínez | Tercer piso - Seccion morado |
+-------------------+------------------------------+
8 rows in set (0.00 sec)

mysql> SELECT medicos.nombre, departamentos.ubicacion AS ubicacion
    -> FROM medicos
    -> JOIN departamentos ON medicos.departamento_id = departamentos.id
    -> WHERE departamento_id IN (SELECT id FROM medicos WHERE especialidad LIKE 'Medicina General');
+-------------------+------------------------------+
| nombre            | ubicacion                    |
+-------------------+------------------------------+
| Dr. Berta Ramírez | Tercer piso - Seccion Azul   |
| Dr. Lupita Villa  | Tercer piso - Seccion Azul   |
| Dr. Carlos Vera   | Primer piso                  |
| Dr. Julio Ceasar  | Primer piso                  |
| Dr. Luna Perez    | Primer piso                  |
| Dr. Lucia Castro  | Primer piso                  |
| Dr. Silvia López  | Tercer piso - Seccion morado |
| Dr. Juan Martínez | Tercer piso - Seccion morado |
+-------------------+------------------------------+
8 rows in set (0.01 sec)

mysql> SELECT * FROM medicos;
+----+-----------------------+------------------+-----------------+
| id | nombre                | especialidad     | departamento_id |
+----+-----------------------+------------------+-----------------+
|  1 | Dr. Carlos Vera       | Medicina General |               2 |
|  2 | Dr. Julio Ceasar      | Medicina General |               2 |
|  3 | Dr. Berta Ramírez     | Cardiología      |               1 |
|  4 | Dr. Lupita Villa      | Cardiología      |               1 |
|  5 | Dr. Luna Perez        | Medicina General |               2 |
|  6 | Dr. Lucia Castro      | Medicina General |               2 |
|  7 | Dr. Gabriela Sanz     | Odontología      |               3 |
|  8 | Dr. Kassandra Quezada | Odontología      |               3 |
|  9 | Dr. Sonia Peréz       | Ginecología      |               4 |
| 10 | Dr. Linda Pinal       | Ginecología      |               4 |
| 11 | Dr. Silvia López      | Neumología       |               5 |
| 12 | Dr. Juan Martínez     | Neumología       |               5 |
| 13 | Dr. Gustavo Guzman    | Ginecólogo       |               4 |
+----+-----------------------+------------------+-----------------+
13 rows in set (0.00 sec)

mysql> SELECT * FROM equipos;
Empty set (0.02 sec)

mysql> SELECT * FROM equipos;
+-----------------------+-------------------+------------------+------------+
| nombre                | descripcion       | departamento     | estado     |
+-----------------------+-------------------+------------------+------------+
| Electrocardiograma    | Marca Jabil       | Cardiología      | Excelente  |
| Camilla               | Marca desconocida | Medicina General | Regular    |
| Torre de laparoscopia | Marca Hense       | Ginecología      | Excelente  |
| Estetoscopio          | Marca desconocida | Medicina General | Deplorable |
+-----------------------+-------------------+------------------+------------+
4 rows in set (0.01 sec)

mysql> SELECT SUM(id) AS total_medicos FROM medicos WHERE especialidad = 'Medicina General';
+---------------+
| total_medicos |
+---------------+
|            14 |
+---------------+
1 row in set (0.01 sec)

mysql>

mysql> USE gestion_biomedica;
Database changed
mysql> SELECT * FROM medicos;
+----+-----------------------+------------------+-----------------+
| id | nombre                | especialidad     | departamento_id |
+----+-----------------------+------------------+-----------------+
|  1 | Dr. Carlos Vera       | Medicina General |               2 |
|  2 | Dr. Julio Ceasar      | Medicina General |               2 |
|  3 | Dr. Berta Ramírez     | Cardiología      |               1 |
|  4 | Dr. Lupita Villa      | Cardiología      |               1 |
|  5 | Dr. Luna Perez        | Medicina General |               2 |
|  6 | Dr. Lucia Castro      | Medicina General |               2 |
|  7 | Dr. Gabriela Sanz     | Odontología      |               3 |
|  8 | Dr. Kassandra Quezada | Odontología      |               3 |
|  9 | Dr. Sonia Peréz       | Ginecología      |               4 |
| 10 | Dr. Linda Pinal       | Ginecología      |               4 |
| 11 | Dr. Silvia López      | Neumología       |               5 |
| 12 | Dr. Juan Martínez     | Neumología       |               5 |
| 13 | Dr. Gustavo Guzman    | Ginecólogo       |               4 |
| 16 | Dr. María Fernandez   | Cardiología      |               1 |
| 17 | Dr. Gabriel Castro    | Odontología      |            NULL |
+----+-----------------------+------------------+-----------------+
15 rows in set (0.00 sec)

mysql> SELECT * FROM medicos;
+----+-----------------------+------------------+-----------------+
| id | nombre                | especialidad     | departamento_id |
+----+-----------------------+------------------+-----------------+
|  1 | Dr. Carlos Vera       | Medicina General |               2 |
|  2 | Dr. Julio Ceasar      | Medicina General |               2 |
|  3 | Dr. Berta Ramírez     | Cardiología      |               1 |
|  4 | Dr. Lupita Villa      | Cardiología      |               1 |
|  5 | Dr. Luna Perez        | Medicina General |               2 |
|  6 | Dr. Lucia Castro      | Medicina General |               2 |
|  7 | Dr. Gabriela Sanz     | Odontología      |               3 |
|  8 | Dr. Kassandra Quezada | Odontología      |               3 |
|  9 | Dr. Sonia Peréz       | Ginecología      |               4 |
| 10 | Dr. Linda Pinal       | Ginecología      |               4 |
| 11 | Dr. Silvia López      | Neumología       |               5 |
| 12 | Dr. Juan Martínez     | Neumología       |               5 |
| 13 | Dr. Gustavo Guzman    | Ginecólogo       |               4 |
| 16 | Dr. María Fernandez   | Cardiología      |               1 |
| 17 | Dr. Gabriel Castro    | Odontología      |               3 |
| 18 | Dr. Alonso Briseño    | Odontología      |               3 |
+----+-----------------------+------------------+-----------------+
16 rows in set (0.01 sec)

mysql> SELECT * FROM departamentos;
+----+------------------+-------------+------------------------------------+
| id | nombre           | num_medicos | ubicacion                          |
+----+------------------+-------------+------------------------------------+
|  1 | Cardiología      |           3 | Tercer piso - Seccion Azul         |
|  2 | Medicina General |           8 | Primer piso                        |
|  3 | Odontología      |           4 | Segundo piso - Seccion verde menta |
|  4 | Ginecología      |           2 | Segundo piso - Seccion rosa        |
|  5 | Neumología       |           1 | Tercer piso - Seccion morado       |
+----+------------------+-------------+------------------------------------+
5 rows in set (0.00 sec)

mysql> DROP equipos;
ERROR 1064 (42000): You have an error in your SQL syntax; check the manual that corresponds to your MySQL server version for the right syntax to use near 'equipos' at line 1
mysql> DROP TABLE equipos;
Query OK, 0 rows affected (0.07 sec)

mysql> SHOW TABLES;
+-----------------------------+
| Tables_in_gestion_biomedica |
+-----------------------------+
| codigos_acceso              |
| departamentos               |
| medicos                     |
| usuarios                    |
| vista_medicos_departamentos |
+-----------------------------+
5 rows in set (0.06 sec)

mysql> CREATE TABLE equipos (
    -> id INT AUTO INCREMENT PRIMARY KEY,
    -> nombre VARCHAR (100),
    -> descripción VARCHAR (100),
    -> departamento VARCHAR (100),
    -> estado VARCHAR (50),
    -> fecha_registro TIMESTAMP DEFAULT CURRENT TIMESTAMP
    -> ,
    -> );
ERROR 1064 (42000): You have an error in your SQL syntax; check the manual that corresponds to your MySQL server version for the right syntax to use near 'AUTO INCREMENT PRIMARY KEY,
nombre VARCHAR (100),
descripción VARCHAR (100),
de' at line 2
mysql> CREATE TABLE equipos (
    -> id INT AUTO INCREMENT PRIMARY KEY,
    -> nombre VARCHAR (100),
    -> descripción VARCHAR (100),
    -> marca VARCHAR (50),
    -> precio DECIMAL (10,10),
    -> fecha_registro TIMESTAMP DEFAULT CURRENT TIMESTAMP
    -> );
ERROR 1064 (42000): You have an error in your SQL syntax; check the manual that corresponds to your MySQL server version for the right syntax to use near 'AUTO INCREMENT PRIMARY KEY,
nombre VARCHAR (100),
descripción VARCHAR (100),
ma' at line 2
mysql> CREATE TABLE equipos (
    -> id INT AUTO_INCREMENT PRIMARY KEY,
    -> nombre VARCHAR (100),
    -> marca VARCHAR (50),
    -> estado VARCHAR (50),
    -> precio DECIMAL (10,10),
    -> fecha_registro TIMESTAMP DEFAULT CURRENT TIMESTAMP
    -> );
ERROR 1064 (42000): You have an error in your SQL syntax; check the manual that corresponds to your MySQL server version for the right syntax to use near 'CURRENT TIMESTAMP
)' at line 7
mysql> SET GLOBAL time_zone = '-08:00';
Query OK, 0 rows affected (0.01 sec)

mysql> CREATE TABLE equipos (
    -> id INT AUTO_INCREMENT PRIMARY KEY,
    -> nombre VARCHAR (100),
    -> marca VARCHAR (50),
    -> estado VARCHAR (50),
    -> precio DECIMAL (10,10),
    -> fecha_registro TIMESTAMP DEFAULT CURRENT TIMESTAMP
    -> );
ERROR 1064 (42000): You have an error in your SQL syntax; check the manual that corresponds to your MySQL server version for the right syntax to use near 'CURRENT TIMESTAMP
)' at line 7
mysql> CREATE TABLE equipos (
    -> id INT AUTO_INCREMENT PRIMARY KEY,
    -> nombre VARCHAR (100),
    -> descripcion VARCHAR (50),
    -> departamento VARCHAR (50),
    -> estado VARCHAR (100),
    -> precio DECIMAL (10,10)
    -> );
Query OK, 0 rows affected (0.10 sec)

mysql> SELECT * FROM equipos;
+----+-----------------------+-------------------+------------------+------------+--------+
| id | nombre                | descripcion       | departamento     | estado     | precio |
+----+-----------------------+-------------------+------------------+------------+--------+
|  1 | Electrocardiograma    | Marca Jabil       | Cardiología      | Excelente  |   NULL |
|  2 | Camilla               | Marca desconocida | Medicina General | Regular    |   NULL |
|  3 | Torre de laparoscopia | Marca Hense       | Ginecología      | Excelente  |   NULL |
|  4 | Estetoscopio          | Marca desconocida | Medicina General | Deplorable |   NULL |
+----+-----------------------+-------------------+------------------+------------+--------+
4 rows in set (0.01 sec)

mysql> DELETE FROM equipo WHERE precio = NULL;
ERROR 1146 (42S02): Table 'gestion_biomedica.equipo' doesn't exist
mysql> DELETE FROM equipos WHERE precio = NULL;
Query OK, 0 rows affected (0.00 sec)

mysql> SELECT * FROM equipos;
+----+-----------------------+-------------------+------------------+------------+--------+
| id | nombre                | descripcion       | departamento     | estado     | precio |
+----+-----------------------+-------------------+------------------+------------+--------+
|  1 | Electrocardiograma    | Marca Jabil       | Cardiología      | Excelente  |   NULL |
|  2 | Camilla               | Marca desconocida | Medicina General | Regular    |   NULL |
|  3 | Torre de laparoscopia | Marca Hense       | Ginecología      | Excelente  |   NULL |
|  4 | Estetoscopio          | Marca desconocida | Medicina General | Deplorable |   NULL |
+----+-----------------------+-------------------+------------------+------------+--------+
4 rows in set (0.00 sec)

mysql> DELETE FROM equipos WHERE estado = 'Excelente';
Query OK, 2 rows affected (0.01 sec)

mysql> SELECT * FROM equipos;
+----+--------------+-------------------+------------------+------------+--------+
| id | nombre       | descripcion       | departamento     | estado     | precio |
+----+--------------+-------------------+------------------+------------+--------+
|  2 | Camilla      | Marca desconocida | Medicina General | Regular    |   NULL |
|  4 | Estetoscopio | Marca desconocida | Medicina General | Deplorable |   NULL |
+----+--------------+-------------------+------------------+------------+--------+
2 rows in set (0.00 sec)

mysql> DELETE FROM equipos WHERE estado = 'Regular';
Query OK, 1 row affected (0.01 sec)

mysql> DELETE FROM equipos WHERE estado = 'Deplorable';
Query OK, 1 row affected (0.01 sec)

mysql> SELECT * FROM equipos;
Empty set (0.00 sec)

mysql> DROP TABLE equipos;
Query OK, 0 rows affected (0.06 sec)

mysql> CREATE TABLE equipos (
    -> id INT AUTO_INCREMENT PRIMARY KEY,
    -> nombre VARCHAR (100),
    -> descripcion VARCHAR (50),
    -> departamento VARCHAR (50),
    -> estado VARCHAR (100),
    -> precio DECIMAL (10,2)
    -> );
Query OK, 0 rows affected (0.06 sec)

mysql>mysql> SELECT * FROM equipos;
+----+-----------------------+-------------------+------------------+----------+
| id | nombre                | descripcion       | departamento     | precio   |
+----+-----------------------+-------------------+------------------+----------+
|  1 | Electrocardiograma    | Marca Jabil       | Cardiología      |  1000.00 |
|  2 | Camilla               | Marca desconocida | Medicina General | 13346.96 |
|  3 | Electrocardiograma    | Marca Jabil       | Cardiología      |  1000.00 |
|  4 | Camilla               | Marca desconocida | Medicina General | 13346.96 |
|  5 | Electrocardiograma    | Marca Jabil       | Cardiología      |  1000.00 |
|  6 | Camilla               | Marca desconocida | Medicina General | 13346.96 |
|  7 | Electrocardiograma    | Marca Jabil       | Cardiología      |  1000.00 |
|  8 | Camilla               | Marca desconocida | Medicina General | 13346.96 |
|  9 | Torre de laparoscopia | Marca Hense       | Ginecología      | 40000.00 |
| 10 | Estetoscopio          | Marca desconocida | Medicina General |   298.00 |
+----+-----------------------+-------------------+------------------+----------+
10 rows in set (0.01 sec)

mysql> CREATE TABLE citas (
    -> nombre_doc VARCHAR (100),
    -> causa VARCHAR (100),
    -> fecha_programada DATE,
    -> fecha_registro TIMESTAMP DEFAULT CURRENT_TIMESTAMP,
    -> FOREIGN KEY (departamento_id) REFERENCES departamentos(id)
    -> );
ERROR 1072 (42000): Key column 'departamento_id' doesn't exist in table
mysql> CREATE TABLE citas (
    -> nombre_doc VARCHAR (100),
    -> causa VARCHAR (100),
    -> fecha_programada DATE,
    -> fecha_registro TIMESTAMP DEFAULT CURRENT_TIMESTAMP,
    -> departamento_id INT,
    -> FOREIGN KEY (departamento_id) REFERENCES departamentos(id)
    -> );
Query OK, 0 rows affected (0.07 sec)

mysql> CREATE VIEW vista_citas AS
    -> SELECT citas.nombre_doc, citas.causa, citas.fecha_programada, departamentos.ubicacion AS ubicacion
    -> FROM citas
    -> JOIN departamentos ON medicos.departamento_id = departamentos.id;
ERROR 1054 (42S22): Unknown column 'medicos.departamento_id' in 'on clause'
mysql> CREATE VIEW vista_citas AS
    -> SELECT citas.nombre_doc, citas.causa, citas.fecha_programada, departamentos.ubicacion AS ubicacion
    -> FROM citas
    -> JOIN departamentos ON citas.departamento_id = departamentos.id;
Query OK, 0 rows affected (0.03 sec)
mysql> SELECT * FROM vista_citas;
+-----------------------+-------------------------+------------------+------------------------------------+
| nombre_doc            | causa                   | fecha_programada | ubicacion                          |
+-----------------------+-------------------------+------------------+------------------------------------+
| Dr. Carlos Vera       | Dolor de garganta       | 2024-12-17       | Primer piso                        |
| Dr. Kassandra Quezada | Dolor de muela          | 2024-12-14       | Segundo piso - Seccion verde menta |
| Dr. Sonia Peréz       |  Prueba de Papanicolaou | 2024-12-18       | Segundo piso - Seccion rosa        |
+-----------------------+-------------------------+------------------+------------------------------------+
3 rows in set (0.01 sec)

mysql> SELECT * FROM citas;
+-----------------------+-------------------------+------------------+---------------------+-----------------+
| nombre_doc            | causa                   | fecha_programada | fecha_registro      | departamento_id |
+-----------------------+-------------------------+------------------+---------------------+-----------------+
| Dr. Carlos Vera       | Dolor de garganta       | 2024-12-17       | 2024-12-11 00:30:09 |               2 |
| Dr. Kassandra Quezada | Dolor de muela          | 2024-12-14       | 2024-12-11 00:34:30 |               3 |
| Dr. Sonia Peréz       |  Prueba de Papanicolaou | 2024-12-18       | 2024-12-11 00:37:27 |               4 |
+-----------------------+-------------------------+------------------+---------------------+-----------------+
3 rows in set (0.00 sec)

mysql>

